Forall [TV "a"] ((TCon "Int" :-> (TVar (TV "a") :-> TVar (TV "a"))) :-> TVar (TV "a"))