Forall [TV "a",TV "b"] (TVar (TV "a") :-> (TVar (TV "b") :-> TVar (TV "b")))