Forall [TV "a"] ((TVar (TV "a") :-> TVar (TV "a")) :-> TVar (TV "a"))