Forall [TV "a",TV "b",TV "c",TV "d"] ((TVar (TV "a") :-> (TVar (TV "b") :-> TVar (TV "d"))) :-> ((TVar (TV "a") :-> (TVar (TV "d") :-> TVar (TV "c"))) :-> (TVar (TV "a") :-> (TVar (TV "b") :-> TVar (TV "c")))))