Forall [TV "a",TV "b",TV "c"] ((TVar (TV "a") :-> (TVar (TV "c") :-> TVar (TV "b"))) :-> ((TVar (TV "a") :-> TVar (TV "c")) :-> (TVar (TV "a") :-> TVar (TV "b"))))