Program [Decl "x" (EApp (EVar (Var {unVar = "f"})) (EVar (Var {unVar = "x"})))]