Program [Decl "g" (EApp (EVar (Var {unVar = "f"})) (EApp (EVar (Var {unVar = "f"})) (EApp (EVar (Var {unVar = "f"})) (EApp (EVar (Var {unVar = "f"})) (EApp (EVar (Var {unVar = "f"})) (EVar (Var {unVar = "x"})))))))]