Program [Decl "zero" (ELam (Var "f") (ELam (Var "x") (EVar (Var "x")))),Decl "one" (ELam (Var "f") (ELam (Var "x") (EApp (EVar (Var "f")) (EVar (Var "x"))))),Decl "two" (ELam (Var "f") (ELam (Var "x") (EApp (EVar (Var "f")) (EApp (EVar (Var "f")) (EVar (Var "x")))))),Decl "three" (ELam (Var "f") (ELam (Var "x") (EApp (EVar (Var "f")) (EApp (EVar (Var "f")) (EApp (EVar (Var "f")) (EVar (Var "x"))))))),Decl "four" (ELam (Var "f") (ELam (Var "x") (EApp (EVar (Var "f")) (EApp (EVar (Var "f")) (EApp (EVar (Var "f")) (EApp (EVar (Var "f")) (EVar (Var "x")))))))),Decl "five" (ELam (Var "f") (ELam (Var "x") (EApp (EVar (Var "f")) (EApp (EVar (Var "f")) (EApp (EVar (Var "f")) (EApp (EVar (Var "f")) (EApp (EVar (Var "f")) (EVar (Var "x"))))))))),Decl "six" (ELam (Var "f") (ELam (Var "x") (EApp (EVar (Var "f")) (EApp (EVar (Var "f")) (EApp (EVar (Var "f")) (EApp (EVar (Var "f")) (EApp (EVar (Var "f")) (EApp (EVar (Var "f")) (EVar (Var "x")))))))))),Decl "seven" (ELam (Var "f") (ELam (Var "x") (EApp (EVar (Var "f")) (EApp (EVar (Var "f")) (EApp (EVar (Var "f")) (EApp (EVar (Var "f")) (EApp (EVar (Var "f")) (EApp (EVar (Var "f")) (EApp (EVar (Var "f")) (EVar (Var "x"))))))))))),Decl "eight" (ELam (Var "f") (ELam (Var "x") (EApp (EVar (Var "f")) (EApp (EVar (Var "f")) (EApp (EVar (Var "f")) (EApp (EVar (Var "f")) (EApp (EVar (Var "f")) (EApp (EVar (Var "f")) (EApp (EVar (Var "f")) (EApp (EVar (Var "f")) (EVar (Var "x")))))))))))),Decl "nine" (ELam (Var "f") (ELam (Var "x") (EApp (EVar (Var "f")) (EApp (EVar (Var "f")) (EApp (EVar (Var "f")) (EApp (EVar (Var "f")) (EApp (EVar (Var "f")) (EApp (EVar (Var "f")) (EApp (EVar (Var "f")) (EApp (EVar (Var "f")) (EApp (EVar (Var "f")) (EVar (Var "x"))))))))))))),Decl "ten" (ELam (Var "f") (ELam (Var "x") (EApp (EVar (Var "f")) (EApp (EVar (Var "f")) (EApp (EVar (Var "f")) (EApp (EVar (Var "f")) (EApp (EVar (Var "f")) (EApp (EVar (Var "f")) (EApp (EVar (Var "f")) (EApp (EVar (Var "f")) (EApp (EVar (Var "f")) (EApp (EVar (Var "f")) (EVar (Var "x"))))))))))))))]