Program [Decl "T" (ELam (Var "x") (ELam (Var "y") (EVar (Var "x")))),Decl "F" (ELam (Var "x") (ELam (Var "y") (EVar (Var "y"))))]