Program [Decl "f" (EOp Eq (ELit (LBool True)) (ELit (LBool False)))]