Program [Decl "f" (EOp Eq (EOp Eq (EOp Eq (ELit (LBool True)) (ELit (LBool False))) (ELit (LBool False))) (ELit (LBool True)))]