Program [Decl "W" (ELam (Var "y") (ELam (Var "x") (EApp (EApp (EVar (Var "x")) (EVar (Var "y"))) (EVar (Var "y"))))),Decl "C" (ELam (Var "z") (ELam (Var "y") (ELam (Var "x") (EApp (EApp (EVar (Var "x")) (EVar (Var "z"))) (EVar (Var "y")))))),Decl "B" (ELam (Var "z") (ELam (Var "y") (ELam (Var "x") (EApp (EVar (Var "x")) (EApp (EVar (Var "y")) (EVar (Var "z")))))))]