Program [Decl "f" (EIf (EOp Eq (ELit (LInt 1)) (ELit (LInt 2))) (EOp Add (ELit (LInt 1)) (ELit (LInt 1))) (EOp Add (ELit (LInt 1)) (EOp Sub (ELit (LInt 3)) (ELit (LInt 1)))))]