Program [Decl "f" (ELam (Var "x") (EFix (EApp (EVar (Var "x")) (ELit (LInt 0)))))]