Illegal character at 3:24 on char '\'' before : 'f g h i j k l m n o o' o'' o''