Program [Decl "compose" (ELam (Var "g") (ELam (Var "f") (ELam (Var "x") (EApp (EVar (Var "f")) (EApp (EVar (Var "g")) (EVar (Var "x"))))))),Decl "const" (ELam (Var "y") (ELam (Var "x") (EVar (Var "x"))))]