Program [Decl "f" (ELam (Var {unVar = "x"}) (ELet (Var {unVar = "y"}) (ELam (Var {unVar = "z"}) (EVar (Var {unVar = "z"}))) (EVar (Var {unVar = "y"}))))]