Program [Decl "f" (EApp (EApp (EApp (EVar (Var {unVar = "n"})) (ELam (Var {unVar = "g"}) (EApp (EVar (Var {unVar = "h"})) (EApp (EVar (Var {unVar = "g"})) (EVar (Var {unVar = "f"})))))) (ELam (Var {unVar = "u"}) (EVar (Var {unVar = "x"})))) (EVar (Var {unVar = "I"})))]