Program [Decl "f" (ELam (Var "y") (EOp Sub (EVar (Var "y")) (EVar (Var "x"))))]