Program [Decl "f" (ELam (Var "y") (EOp Sub (EVar (Var "y")) (EApp (ELam (Var "z") (EOp Mul (EVar (Var "z")) (ELit (LInt 2)))) (EVar (Var "y")))))]