Program [Decl "x" (EFix (ELam (Var "x") (EVar (Var "x"))))]