Program [Decl "cond" (ELam (Var "y") (ELam (Var "x") (ELam (Var "p") (EApp (EApp (EVar (Var "p")) (EVar (Var "x"))) (EVar (Var "y")))))),Decl "or" (ELam (Var "q") (ELam (Var "p") (EApp (EApp (EVar (Var "p")) (EVar (Var "T"))) (EVar (Var "q"))))),Decl "and" (ELam (Var "q") (ELam (Var "p") (EApp (EApp (EVar (Var "p")) (EVar (Var "q"))) (EVar (Var "F"))))),Decl "not" (ELam (Var "p") (EApp (EApp (EVar (Var "p")) (EVar (Var "F"))) (EVar (Var "T"))))]