Program [Decl "x" (ELit (LInt 1)),Decl "y" (ELit (LInt 2)),Decl "z" (EOp Add (EOp Add (EVar (Var "x")) (EVar (Var "y"))) (ELit (LInt 1)))]