Program [Decl "f" (EApp (EApp (EVar (Var {unVar = "I"})) (EApp (EVar (Var {unVar = "I"})) (EVar (Var {unVar = "I"})))) (EApp (EVar (Var {unVar = "I"})) (ELit (LInt 3))))]