Program [Decl "f" (EApp (ELam (Var {unVar = "x"}) (EVar (Var {unVar = "x"}))) (ELam (Var {unVar = "x"}) (EVar (Var {unVar = "x"}))))]