Program [Decl "fst" (ELam (Var "p") (EApp (EVar (Var "p")) (EVar (Var "T")))),Decl "snd" (ELam (Var "p") (EApp (EVar (Var "p")) (EVar (Var "F")))),Decl "pair" (ELam (Var "a") (ELam (Var "b") (ELam (Var "f") (EApp (EApp (EVar (Var "f")) (EVar (Var "a"))) (EVar (Var "b"))))))]