let W = \x -> \y -> (x y) y;
let C = \x -> \y -> \z -> (x z) y;
let B = \x -> \y -> \z -> x (y z);