let church = fix (\church -> \n -> if n == 0 then zero else \f -> \x -> f (((church (n - 1)) f) x));
let unchurch = \n -> (n (\i -> i + 1)) 0;
let unbool = \n -> (n True) False;