let compose = \g -> \f -> \x -> f (g x);
let const = \y -> \x -> x;