let cond = \p -> \x -> \y -> (p x) y;
let or = \p -> \q -> (p T) q;
let and = \p -> \q -> (p q) F;
let not = \p -> (p F) T;