let nor = \x -> \y -> ((cond x) F) (not y);
let nand = \x -> \y -> ((cond x) (not y)) T;
let equ = \p -> \q -> not ((xor p) q);
let xor = \p -> \q -> (p ((q F) T)) q;