let pair = \a -> \b -> \f -> (f a) b;
let snd = \p -> p F;
let fst = \p -> p T;