let church = fix (\church -> \n -> if n == 0 then zero else \f -> \x -> f (((church (n - 1)) f) x));